D:/Embedded/stm32cube/Embedded-C/TouchGFXProject/MyApplication_2/Core/Src/main.c:943:13:SPI5_Write	1
D:/Embedded/stm32cube/Embedded-C/TouchGFXProject/MyApplication_2/Core/Src/main.c:1053:6:MovingTask	4
D:/Embedded/stm32cube/Embedded-C/TouchGFXProject/MyApplication_2/Core/Src/main.c:270:6:SystemClock_Config	4
D:/Embedded/stm32cube/Embedded-C/TouchGFXProject/MyApplication_2/Core/Src/main.c:787:6:IOE_Init	1
D:/Embedded/stm32cube/Embedded-C/TouchGFXProject/MyApplication_2/Core/Src/main.c:796:6:IOE_ITConfig	1
D:/Embedded/stm32cube/Embedded-C/TouchGFXProject/MyApplication_2/Core/Src/main.c:808:6:IOE_Write	1
D:/Embedded/stm32cube/Embedded-C/TouchGFXProject/MyApplication_2/Core/Src/main.c:819:9:IOE_Read	1
D:/Embedded/stm32cube/Embedded-C/TouchGFXProject/MyApplication_2/Core/Src/main.c:832:10:IOE_ReadMultiple	1
D:/Embedded/stm32cube/Embedded-C/TouchGFXProject/MyApplication_2/Core/Src/main.c:841:6:IOE_Delay	1
D:/Embedded/stm32cube/Embedded-C/TouchGFXProject/MyApplication_2/Core/Src/main.c:969:6:LCD_IO_Init	1
D:/Embedded/stm32cube/Embedded-C/TouchGFXProject/MyApplication_2/Core/Src/main.c:979:6:LCD_IO_WriteData	1
D:/Embedded/stm32cube/Embedded-C/TouchGFXProject/MyApplication_2/Core/Src/main.c:995:6:LCD_IO_WriteReg	1
D:/Embedded/stm32cube/Embedded-C/TouchGFXProject/MyApplication_2/Core/Src/main.c:1014:10:LCD_IO_ReadData	1
D:/Embedded/stm32cube/Embedded-C/TouchGFXProject/MyApplication_2/Core/Src/main.c:1041:6:LCD_Delay	1
D:/Embedded/stm32cube/Embedded-C/TouchGFXProject/MyApplication_2/Core/Src/main.c:1077:6:SingleBeepTask	0
D:/Embedded/stm32cube/Embedded-C/TouchGFXProject/MyApplication_2/Core/Src/main.c:1090:6:DoubleBeepTask	0
D:/Embedded/stm32cube/Embedded-C/TouchGFXProject/MyApplication_2/Core/Src/main.c:1121:6:DF_SendCommand	1
D:/Embedded/stm32cube/Embedded-C/TouchGFXProject/MyApplication_2/Core/Src/main.c:1106:6:GameOverTask	2
D:/Embedded/stm32cube/Embedded-C/TouchGFXProject/MyApplication_2/Core/Src/main.c:168:5:main	13
D:/Embedded/stm32cube/Embedded-C/TouchGFXProject/MyApplication_2/Core/Src/main.c:1130:10:GetSector	24
D:/Embedded/stm32cube/Embedded-C/TouchGFXProject/MyApplication_2/Core/Src/main.c:1159:10:Flash_Write_Data	4
D:/Embedded/stm32cube/Embedded-C/TouchGFXProject/MyApplication_2/Core/Src/main.c:1209:6:Flash_Read_Data	2
D:/Embedded/stm32cube/Embedded-C/TouchGFXProject/MyApplication_2/Core/Src/main.c:1218:6:HAL_GPIO_EXTI_Callback	8
D:/Embedded/stm32cube/Embedded-C/TouchGFXProject/MyApplication_2/Core/Src/main.c:1262:6:HAL_TIM_PeriodElapsedCallback	2
D:/Embedded/stm32cube/Embedded-C/TouchGFXProject/MyApplication_2/Core/Src/main.c:1280:6:Error_Handler	1
