C:/TouchGFXProjects/SimpleRacing/Core/Src/main.c:930:13:SPI5_Write	1
C:/TouchGFXProjects/SimpleRacing/Core/Src/main.c:1042:6:StartDefaultTask	1
C:/TouchGFXProjects/SimpleRacing/Core/Src/main.c:1055:6:MovingTask	4
C:/TouchGFXProjects/SimpleRacing/Core/Src/main.c:287:6:SystemClock_Config	1
C:/TouchGFXProjects/SimpleRacing/Core/Src/main.c:774:6:IOE_Init	1
C:/TouchGFXProjects/SimpleRacing/Core/Src/main.c:783:6:IOE_ITConfig	1
C:/TouchGFXProjects/SimpleRacing/Core/Src/main.c:795:6:IOE_Write	1
C:/TouchGFXProjects/SimpleRacing/Core/Src/main.c:806:9:IOE_Read	1
C:/TouchGFXProjects/SimpleRacing/Core/Src/main.c:819:10:IOE_ReadMultiple	1
C:/TouchGFXProjects/SimpleRacing/Core/Src/main.c:828:6:IOE_Delay	1
C:/TouchGFXProjects/SimpleRacing/Core/Src/main.c:956:6:LCD_IO_Init	1
C:/TouchGFXProjects/SimpleRacing/Core/Src/main.c:966:6:LCD_IO_WriteData	1
C:/TouchGFXProjects/SimpleRacing/Core/Src/main.c:982:6:LCD_IO_WriteReg	1
C:/TouchGFXProjects/SimpleRacing/Core/Src/main.c:1001:10:LCD_IO_ReadData	1
C:/TouchGFXProjects/SimpleRacing/Core/Src/main.c:1028:6:LCD_Delay	1
C:/TouchGFXProjects/SimpleRacing/Core/Src/main.c:1070:6:SingleBeepTask	0
C:/TouchGFXProjects/SimpleRacing/Core/Src/main.c:1078:6:DoubleBeepTask	0
C:/TouchGFXProjects/SimpleRacing/Core/Src/main.c:1097:6:DF_SendCommand	1
C:/TouchGFXProjects/SimpleRacing/Core/Src/main.c:1089:6:GameOverTask	2
C:/TouchGFXProjects/SimpleRacing/Core/Src/main.c:188:5:main	1
C:/TouchGFXProjects/SimpleRacing/Core/Src/main.c:1114:6:HAL_TIM_PeriodElapsedCallback	2
C:/TouchGFXProjects/SimpleRacing/Core/Src/main.c:1127:6:HAL_GPIO_EXTI_Callback	8
C:/TouchGFXProjects/SimpleRacing/Core/Src/main.c:1168:6:Error_Handler	1
