C:/TouchGFXProjects/BTL_Henhung_Tetris-backup/Core/Src/main.c:903:13:SPI5_Write	16	static
C:/TouchGFXProjects/BTL_Henhung_Tetris-backup/Core/Src/main.c:1013:6:MovingTask	16	static
C:/TouchGFXProjects/BTL_Henhung_Tetris-backup/Core/Src/main.c:263:6:SystemClock_Config	88	static
C:/TouchGFXProjects/BTL_Henhung_Tetris-backup/Core/Src/main.c:747:6:IOE_Init	0	static
C:/TouchGFXProjects/BTL_Henhung_Tetris-backup/Core/Src/main.c:756:6:IOE_ITConfig	0	static
C:/TouchGFXProjects/BTL_Henhung_Tetris-backup/Core/Src/main.c:768:6:IOE_Write	32	static
C:/TouchGFXProjects/BTL_Henhung_Tetris-backup/Core/Src/main.c:779:9:IOE_Read	32	static
C:/TouchGFXProjects/BTL_Henhung_Tetris-backup/Core/Src/main.c:792:10:IOE_ReadMultiple	24	static
C:/TouchGFXProjects/BTL_Henhung_Tetris-backup/Core/Src/main.c:801:6:IOE_Delay	0	static
C:/TouchGFXProjects/BTL_Henhung_Tetris-backup/Core/Src/main.c:929:6:LCD_IO_Init	8	static
C:/TouchGFXProjects/BTL_Henhung_Tetris-backup/Core/Src/main.c:939:6:LCD_IO_WriteData	16	static
C:/TouchGFXProjects/BTL_Henhung_Tetris-backup/Core/Src/main.c:955:6:LCD_IO_WriteReg	16	static
C:/TouchGFXProjects/BTL_Henhung_Tetris-backup/Core/Src/main.c:974:10:LCD_IO_ReadData	32	static
C:/TouchGFXProjects/BTL_Henhung_Tetris-backup/Core/Src/main.c:1001:6:LCD_Delay	0	static
C:/TouchGFXProjects/BTL_Henhung_Tetris-backup/Core/Src/main.c:1037:6:SingleBeepTask	8	static
C:/TouchGFXProjects/BTL_Henhung_Tetris-backup/Core/Src/main.c:1050:6:DoubleBeepTask	8	static
C:/TouchGFXProjects/BTL_Henhung_Tetris-backup/Core/Src/main.c:1081:6:DF_SendCommand	24	static
C:/TouchGFXProjects/BTL_Henhung_Tetris-backup/Core/Src/main.c:1066:6:GameOverTask	8	static
C:/TouchGFXProjects/BTL_Henhung_Tetris-backup/Core/Src/main.c:165:5:main	120	static
C:/TouchGFXProjects/BTL_Henhung_Tetris-backup/Core/Src/main.c:1098:6:HAL_TIM_PeriodElapsedCallback	0	static
C:/TouchGFXProjects/BTL_Henhung_Tetris-backup/Core/Src/main.c:1116:6:HAL_GPIO_EXTI_Callback	16	static
C:/TouchGFXProjects/BTL_Henhung_Tetris-backup/Core/Src/main.c:1154:6:Error_Handler	0	static
