C:/TouchGFXProjects/SimpleRacing/Core/Src/main.c:935:13:SPI5_Write	16	static
C:/TouchGFXProjects/SimpleRacing/Core/Src/main.c:1047:6:StartDefaultTask	8	static
C:/TouchGFXProjects/SimpleRacing/Core/Src/main.c:1066:6:MovingTask	16	static
C:/TouchGFXProjects/SimpleRacing/Core/Src/main.c:296:6:SystemClock_Config	96	static
C:/TouchGFXProjects/SimpleRacing/Core/Src/main.c:779:6:IOE_Init	0	static
C:/TouchGFXProjects/SimpleRacing/Core/Src/main.c:788:6:IOE_ITConfig	0	static
C:/TouchGFXProjects/SimpleRacing/Core/Src/main.c:800:6:IOE_Write	32	static
C:/TouchGFXProjects/SimpleRacing/Core/Src/main.c:811:9:IOE_Read	32	static
C:/TouchGFXProjects/SimpleRacing/Core/Src/main.c:824:10:IOE_ReadMultiple	24	static
C:/TouchGFXProjects/SimpleRacing/Core/Src/main.c:833:6:IOE_Delay	0	static
C:/TouchGFXProjects/SimpleRacing/Core/Src/main.c:961:6:LCD_IO_Init	8	static
C:/TouchGFXProjects/SimpleRacing/Core/Src/main.c:971:6:LCD_IO_WriteData	16	static
C:/TouchGFXProjects/SimpleRacing/Core/Src/main.c:987:6:LCD_IO_WriteReg	16	static
C:/TouchGFXProjects/SimpleRacing/Core/Src/main.c:1006:10:LCD_IO_ReadData	32	static
C:/TouchGFXProjects/SimpleRacing/Core/Src/main.c:1033:6:LCD_Delay	0	static
C:/TouchGFXProjects/SimpleRacing/Core/Src/main.c:1093:6:SingleBeepTask	8	static
C:/TouchGFXProjects/SimpleRacing/Core/Src/main.c:1101:6:DoubleBeepTask	8	static
C:/TouchGFXProjects/SimpleRacing/Core/Src/main.c:1119:6:DF_SendCommand	24	static
C:/TouchGFXProjects/SimpleRacing/Core/Src/main.c:1112:6:GameOverTask	8	static
C:/TouchGFXProjects/SimpleRacing/Core/Src/main.c:189:5:main	120	static
C:/TouchGFXProjects/SimpleRacing/Core/Src/main.c:1136:6:HAL_TIM_PeriodElapsedCallback	0	static
C:/TouchGFXProjects/SimpleRacing/Core/Src/main.c:1149:6:HAL_GPIO_EXTI_Callback	8	static
C:/TouchGFXProjects/SimpleRacing/Core/Src/main.c:1158:6:Error_Handler	0	static
