C:/TouchGFXProjects/SimpleRacing/Core/Src/main.c:930:13:SPI5_Write	16	static
C:/TouchGFXProjects/SimpleRacing/Core/Src/main.c:1042:6:StartDefaultTask	8	static
C:/TouchGFXProjects/SimpleRacing/Core/Src/main.c:1055:6:MovingTask	16	static
C:/TouchGFXProjects/SimpleRacing/Core/Src/main.c:287:6:SystemClock_Config	96	static
C:/TouchGFXProjects/SimpleRacing/Core/Src/main.c:774:6:IOE_Init	0	static
C:/TouchGFXProjects/SimpleRacing/Core/Src/main.c:783:6:IOE_ITConfig	0	static
C:/TouchGFXProjects/SimpleRacing/Core/Src/main.c:795:6:IOE_Write	32	static
C:/TouchGFXProjects/SimpleRacing/Core/Src/main.c:806:9:IOE_Read	32	static
C:/TouchGFXProjects/SimpleRacing/Core/Src/main.c:819:10:IOE_ReadMultiple	24	static
C:/TouchGFXProjects/SimpleRacing/Core/Src/main.c:828:6:IOE_Delay	0	static
C:/TouchGFXProjects/SimpleRacing/Core/Src/main.c:956:6:LCD_IO_Init	8	static
C:/TouchGFXProjects/SimpleRacing/Core/Src/main.c:966:6:LCD_IO_WriteData	16	static
C:/TouchGFXProjects/SimpleRacing/Core/Src/main.c:982:6:LCD_IO_WriteReg	16	static
C:/TouchGFXProjects/SimpleRacing/Core/Src/main.c:1001:10:LCD_IO_ReadData	32	static
C:/TouchGFXProjects/SimpleRacing/Core/Src/main.c:1028:6:LCD_Delay	0	static
C:/TouchGFXProjects/SimpleRacing/Core/Src/main.c:1070:6:SingleBeepTask	8	static
C:/TouchGFXProjects/SimpleRacing/Core/Src/main.c:1078:6:DoubleBeepTask	8	static
C:/TouchGFXProjects/SimpleRacing/Core/Src/main.c:1097:6:DF_SendCommand	24	static
C:/TouchGFXProjects/SimpleRacing/Core/Src/main.c:1089:6:GameOverTask	8	static
C:/TouchGFXProjects/SimpleRacing/Core/Src/main.c:188:5:main	120	static
C:/TouchGFXProjects/SimpleRacing/Core/Src/main.c:1114:6:HAL_TIM_PeriodElapsedCallback	0	static
C:/TouchGFXProjects/SimpleRacing/Core/Src/main.c:1127:6:HAL_GPIO_EXTI_Callback	16	static
C:/TouchGFXProjects/SimpleRacing/Core/Src/main.c:1168:6:Error_Handler	0	static
