C:/TouchGFXProjects/SimpleRacing/Core/Src/main.c:921:13:SPI5_Write	16	static
C:/TouchGFXProjects/SimpleRacing/Core/Src/main.c:1033:6:StartDefaultTask	16	static
C:/TouchGFXProjects/SimpleRacing/Core/Src/main.c:1052:6:MovingTask	16	static
C:/TouchGFXProjects/SimpleRacing/Core/Src/main.c:1075:6:SingleBeepTask	8	static
C:/TouchGFXProjects/SimpleRacing/Core/Src/main.c:183:6:DF_SendCommand	24	static
C:/TouchGFXProjects/SimpleRacing/Core/Src/main.c:193:6:DF_PlayFolder	0	static
C:/TouchGFXProjects/SimpleRacing/Core/Src/main.c:298:6:SystemClock_Config	96	static
C:/TouchGFXProjects/SimpleRacing/Core/Src/main.c:201:5:main	120	static
C:/TouchGFXProjects/SimpleRacing/Core/Src/main.c:765:6:IOE_Init	0	static
C:/TouchGFXProjects/SimpleRacing/Core/Src/main.c:774:6:IOE_ITConfig	0	static
C:/TouchGFXProjects/SimpleRacing/Core/Src/main.c:786:6:IOE_Write	32	static
C:/TouchGFXProjects/SimpleRacing/Core/Src/main.c:797:9:IOE_Read	32	static
C:/TouchGFXProjects/SimpleRacing/Core/Src/main.c:810:10:IOE_ReadMultiple	24	static
C:/TouchGFXProjects/SimpleRacing/Core/Src/main.c:819:6:IOE_Delay	0	static
C:/TouchGFXProjects/SimpleRacing/Core/Src/main.c:947:6:LCD_IO_Init	8	static
C:/TouchGFXProjects/SimpleRacing/Core/Src/main.c:957:6:LCD_IO_WriteData	16	static
C:/TouchGFXProjects/SimpleRacing/Core/Src/main.c:973:6:LCD_IO_WriteReg	16	static
C:/TouchGFXProjects/SimpleRacing/Core/Src/main.c:992:10:LCD_IO_ReadData	32	static
C:/TouchGFXProjects/SimpleRacing/Core/Src/main.c:1019:6:LCD_Delay	0	static
C:/TouchGFXProjects/SimpleRacing/Core/Src/main.c:1082:6:DoubleBeepTask	8	static
C:/TouchGFXProjects/SimpleRacing/Core/Src/main.c:1101:6:HAL_TIM_PeriodElapsedCallback	0	static
C:/TouchGFXProjects/SimpleRacing/Core/Src/main.c:1118:6:Error_Handler	0	static
