C:/TouchGFXProjects/BTL_Henhung_Tetris-backup/Core/Src/stm32f4xx_it.c:75:6:NMI_Handler	0	static
C:/TouchGFXProjects/BTL_Henhung_Tetris-backup/Core/Src/stm32f4xx_it.c:88:6:HardFault_Handler	0	static
C:/TouchGFXProjects/BTL_Henhung_Tetris-backup/Core/Src/stm32f4xx_it.c:103:6:MemManage_Handler	0	static
C:/TouchGFXProjects/BTL_Henhung_Tetris-backup/Core/Src/stm32f4xx_it.c:118:6:BusFault_Handler	0	static
C:/TouchGFXProjects/BTL_Henhung_Tetris-backup/Core/Src/stm32f4xx_it.c:133:6:UsageFault_Handler	0	static
C:/TouchGFXProjects/BTL_Henhung_Tetris-backup/Core/Src/stm32f4xx_it.c:148:6:DebugMon_Handler	0	static
C:/TouchGFXProjects/BTL_Henhung_Tetris-backup/Core/Src/stm32f4xx_it.c:168:6:TIM6_DAC_IRQHandler	0	static
C:/TouchGFXProjects/BTL_Henhung_Tetris-backup/Core/Src/stm32f4xx_it.c:182:6:LTDC_IRQHandler	0	static
C:/TouchGFXProjects/BTL_Henhung_Tetris-backup/Core/Src/stm32f4xx_it.c:196:6:DMA2D_IRQHandler	0	static
C:/TouchGFXProjects/BTL_Henhung_Tetris-backup/Core/Src/stm32f4xx_it.c:208:6:EXTI0_IRQHandler	0	static
C:/TouchGFXProjects/BTL_Henhung_Tetris-backup/Core/Src/stm32f4xx_it.c:218:6:EXTI15_10_IRQHandler	8	static
C:/TouchGFXProjects/BTL_Henhung_Tetris-backup/Core/Src/stm32f4xx_it.c:223:6:EXTI2_IRQHandler	0	static
C:/TouchGFXProjects/BTL_Henhung_Tetris-backup/Core/Src/stm32f4xx_it.c:227:6:EXTI3_IRQHandler	0	static
