../Application/User/TetrisEngine.cpp:49:6:void TetrisEngine::generateNextBlock()	8	static
../Application/User/TetrisEngine.cpp:59:6:void TetrisEngine::getNextBlock(BlockMatrix&, int&) const	20	static
../Application/User/TetrisEngine.cpp:65:6:void TetrisEngine::spawnBlock()	8	static
../Application/User/TetrisEngine.cpp:34:6:void TetrisEngine::init()	8	static
../Application/User/TetrisEngine.cpp:30:1:TetrisEngine::TetrisEngine()	8	static
../Application/User/TetrisEngine.cpp:79:6:void TetrisEngine::rotateMatrix(BlockMatrix&)	88	static
../Application/User/TetrisEngine.cpp:88:6:void TetrisEngine::getBlockBounds(const BlockMatrix&, int&, int&, int&, int&)	20	static
../Application/User/TetrisEngine.cpp:101:6:bool TetrisEngine::checkCollision(int, int, const BlockMatrix&)	64	static
../Application/User/TetrisEngine.cpp:136:6:void TetrisEngine::clearLines()	32	static
../Application/User/TetrisEngine.cpp:120:6:void TetrisEngine::lockBlock()	24	static
../Application/User/TetrisEngine.cpp:154:6:void TetrisEngine::update()	16	static
../Application/User/TetrisEngine.cpp:168:6:void TetrisEngine::moveLeft()	16	static
../Application/User/TetrisEngine.cpp:174:6:void TetrisEngine::moveRight()	16	static
../Application/User/TetrisEngine.cpp:180:6:void TetrisEngine::drop()	24	static
../Application/User/TetrisEngine.cpp:187:6:void TetrisEngine::rotate()	80	static
