../Application/User/TetrisEngine.cpp:70:6:void TetrisEngine::generateNextBlock()	16	static
../Application/User/TetrisEngine.cpp:87:6:void TetrisEngine::getNextBlock(BlockMatrix&, int&, uint16_t&) const	20	static
../Application/User/TetrisEngine.cpp:98:6:void TetrisEngine::spawnBlock()	8	static
../Application/User/TetrisEngine.cpp:50:6:void TetrisEngine::init()	8	static
../Application/User/TetrisEngine.cpp:41:1:TetrisEngine::TetrisEngine()	8	static
../Application/User/TetrisEngine.cpp:117:6:void TetrisEngine::rotateMatrix(BlockMatrix&)	88	static
../Application/User/TetrisEngine.cpp:134:6:void TetrisEngine::getBlockBounds(const BlockMatrix&, int&, int&, int&, int&)	20	static
../Application/User/TetrisEngine.cpp:153:6:bool TetrisEngine::checkCollision(int, int, const BlockMatrix&)	64	static
../Application/User/TetrisEngine.cpp:196:6:void TetrisEngine::clearLines()	32	static
../Application/User/TetrisEngine.cpp:176:6:void TetrisEngine::lockBlock()	24	static
../Application/User/TetrisEngine.cpp:219:6:void TetrisEngine::update()	16	static
../Application/User/TetrisEngine.cpp:237:6:void TetrisEngine::moveLeft()	16	static
../Application/User/TetrisEngine.cpp:248:6:void TetrisEngine::moveRight()	16	static
../Application/User/TetrisEngine.cpp:259:6:void TetrisEngine::drop()	24	static
../Application/User/TetrisEngine.cpp:271:6:void TetrisEngine::rotate()	80	static
../Application/User/TetrisEngine.cpp:285:10:uint16_t TetrisEngine::getCurrentBlockColor() const	0	static
../Application/User/TetrisEngine.cpp:295:10:uint16_t TetrisEngine::getGridColor(int, int) const	0	static
