../Application/User/TetrisEngine.cpp:48:6:void TetrisEngine::generateNextBlock()	8	static
../Application/User/TetrisEngine.cpp:57:6:void TetrisEngine::getNextBlock(BlockMatrix&, int&) const	20	static
../Application/User/TetrisEngine.cpp:62:6:void TetrisEngine::spawnBlock()	8	static
../Application/User/TetrisEngine.cpp:34:6:void TetrisEngine::init()	8	static
../Application/User/TetrisEngine.cpp:30:1:TetrisEngine::TetrisEngine()	8	static
../Application/User/TetrisEngine.cpp:75:6:void TetrisEngine::rotateMatrix(BlockMatrix&)	88	static
../Application/User/TetrisEngine.cpp:84:6:void TetrisEngine::getBlockBounds(const BlockMatrix&, int&, int&, int&, int&)	20	static
../Application/User/TetrisEngine.cpp:97:6:bool TetrisEngine::checkCollision(int, int, const BlockMatrix&)	64	static
../Application/User/TetrisEngine.cpp:130:6:void TetrisEngine::clearLines()	32	static
../Application/User/TetrisEngine.cpp:114:6:void TetrisEngine::lockBlock()	24	static
../Application/User/TetrisEngine.cpp:148:6:void TetrisEngine::update()	16	static
../Application/User/TetrisEngine.cpp:162:6:bool TetrisEngine::isGameOver()	80	static
../Application/User/TetrisEngine.cpp:170:6:void TetrisEngine::moveLeft()	16	static
../Application/User/TetrisEngine.cpp:176:6:void TetrisEngine::moveRight()	16	static
../Application/User/TetrisEngine.cpp:182:6:void TetrisEngine::drop()	24	static
../Application/User/TetrisEngine.cpp:189:6:void TetrisEngine::rotate()	80	static
