../Application/User/TetrisEngine.cpp:61:6:void TetrisEngine::generateNextBlock()	16	static
../Application/User/TetrisEngine.cpp:72:6:void TetrisEngine::getNextBlock(BlockMatrix&, int&, uint16_t&) const	20	static
../Application/User/TetrisEngine.cpp:79:6:void TetrisEngine::spawnBlock()	8	static
../Application/User/TetrisEngine.cpp:45:6:void TetrisEngine::init()	8	static
../Application/User/TetrisEngine.cpp:41:1:TetrisEngine::TetrisEngine()	8	static
../Application/User/TetrisEngine.cpp:94:6:void TetrisEngine::rotateMatrix(BlockMatrix&)	88	static
../Application/User/TetrisEngine.cpp:103:6:void TetrisEngine::getBlockBounds(const BlockMatrix&, int&, int&, int&, int&)	20	static
../Application/User/TetrisEngine.cpp:116:6:bool TetrisEngine::checkCollision(int, int, const BlockMatrix&)	64	static
../Application/User/TetrisEngine.cpp:151:6:void TetrisEngine::clearLines()	32	static
../Application/User/TetrisEngine.cpp:135:6:void TetrisEngine::lockBlock()	24	static
../Application/User/TetrisEngine.cpp:170:6:void TetrisEngine::update()	16	static
../Application/User/TetrisEngine.cpp:184:6:void TetrisEngine::moveLeft()	16	static
../Application/User/TetrisEngine.cpp:191:6:void TetrisEngine::moveRight()	16	static
../Application/User/TetrisEngine.cpp:198:6:void TetrisEngine::drop()	24	static
../Application/User/TetrisEngine.cpp:206:6:void TetrisEngine::rotate()	80	static
../Application/User/TetrisEngine.cpp:216:10:uint16_t TetrisEngine::getCurrentBlockColor() const	0	static
../Application/User/TetrisEngine.cpp:221:10:uint16_t TetrisEngine::getGridColor(int, int) const	0	static
