../Application/User/TetrisEngine.cpp:45:10:uint32_t my_rand()	16	static
../Application/User/TetrisEngine.cpp:82:6:void TetrisEngine::generateNextBlock()	16	static
../Application/User/TetrisEngine.cpp:99:6:void TetrisEngine::getNextBlock(BlockMatrix&, int&, uint16_t&) const	20	static
../Application/User/TetrisEngine.cpp:110:6:void TetrisEngine::spawnBlock()	8	static
../Application/User/TetrisEngine.cpp:62:6:void TetrisEngine::init()	8	static
../Application/User/TetrisEngine.cpp:41:1:TetrisEngine::TetrisEngine()	8	static
../Application/User/TetrisEngine.cpp:129:6:void TetrisEngine::rotateMatrix(BlockMatrix&)	88	static
../Application/User/TetrisEngine.cpp:146:6:void TetrisEngine::getBlockBounds(const BlockMatrix&, int&, int&, int&, int&)	20	static
../Application/User/TetrisEngine.cpp:165:6:bool TetrisEngine::checkCollision(int, int, const BlockMatrix&)	64	static
../Application/User/TetrisEngine.cpp:208:6:void TetrisEngine::clearLines()	32	static
../Application/User/TetrisEngine.cpp:188:6:void TetrisEngine::lockBlock()	24	static
../Application/User/TetrisEngine.cpp:231:6:void TetrisEngine::update()	16	static
../Application/User/TetrisEngine.cpp:249:6:void TetrisEngine::moveLeft()	16	static
../Application/User/TetrisEngine.cpp:260:6:void TetrisEngine::moveRight()	16	static
../Application/User/TetrisEngine.cpp:271:6:void TetrisEngine::drop()	24	static
../Application/User/TetrisEngine.cpp:283:6:void TetrisEngine::rotate()	80	static
../Application/User/TetrisEngine.cpp:297:10:uint16_t TetrisEngine::getCurrentBlockColor() const	0	static
../Application/User/TetrisEngine.cpp:307:10:uint16_t TetrisEngine::getGridColor(int, int) const	0	static
